// Jest Snapshot v1, https://jestjs.io/docs/snapshot-testing

exports[`matches snapshot 1`] = `
<div>
  <section
    class="py-6 md:py-10 hero-bg-gold"
  >
    <div
      class="section-container"
    >
      <h2
        class="font-title text-5xl md:text-7xl font-black text-center mb-6 text-brand-header uppercase"
      >
        Sponsors
      </h2>
      <div
        class="flex justify-center mb-8"
      >
        <img
          alt="Advanced Health Solutions — Presenting Sponsor"
          class="max-w-[220px] md:max-w-[260px] h-auto"
          src="/images/Sponsor%20Logos%202026/2.png"
        />
      </div>
      <div
        class="grid grid-cols-2 md:grid-cols-3 lg:grid-cols-4 gap-6 items-center max-w-5xl mx-auto"
      >
        <div
          class="flex items-center justify-center hover:scale-110 transition-transform cursor-pointer p-1"
        >
          <img
            alt="Sponsor 6"
            class="object-contain w-full max-h-[70px] md:max-h-[140px] h-auto opacity-100 transition-opacity"
            height="80"
            loading="lazy"
            src="/images/sponsors/logos/6.svg"
            width="100"
          />
        </div>
        <div
          class="flex items-center justify-center hover:scale-110 transition-transform cursor-pointer p-1"
        >
          <img
            alt="Sponsor 7"
            class="object-contain w-full max-h-[70px] md:max-h-[140px] h-auto opacity-100 transition-opacity"
            height="80"
            loading="lazy"
            src="/images/sponsors/logos/7.svg"
            width="100"
          />
        </div>
        <div
          class="flex items-center justify-center hover:scale-110 transition-transform cursor-pointer p-1"
        >
          <img
            alt="Sponsor 8"
            class="object-contain w-full max-h-[70px] md:max-h-[140px] h-auto opacity-100 transition-opacity"
            height="80"
            loading="lazy"
            src="/images/sponsors/logos/8.svg"
            width="100"
          />
        </div>
        <div
          class="flex items-center justify-center hover:scale-110 transition-transform cursor-pointer p-1"
        >
          <img
            alt="Sponsor 9"
            class="object-contain w-full max-h-[70px] md:max-h-[140px] h-auto opacity-100 transition-opacity"
            height="80"
            loading="lazy"
            src="/images/sponsors/logos/9.svg"
            width="100"
          />
        </div>
        <div
          class="flex items-center justify-center hover:scale-110 transition-transform cursor-pointer p-1"
        >
          <img
            alt="Sponsor 10"
            class="object-contain w-full max-h-[70px] md:max-h-[140px] h-auto opacity-100 transition-opacity"
            height="80"
            loading="lazy"
            src="/images/sponsors/logos/10.svg"
            width="100"
          />
        </div>
        <div
          class="flex items-center justify-center hover:scale-110 transition-transform cursor-pointer p-1"
        >
          <img
            alt="Sponsor 11"
            class="object-contain w-full max-h-[70px] md:max-h-[140px] h-auto opacity-100 transition-opacity"
            height="80"
            loading="lazy"
            src="/images/sponsors/logos/11.svg"
            width="100"
          />
        </div>
        <div
          class="flex items-center justify-center hover:scale-110 transition-transform cursor-pointer p-1"
        >
          <img
            alt="Sponsor 12"
            class="object-contain w-full max-h-[70px] md:max-h-[140px] h-auto opacity-100 transition-opacity"
            height="80"
            loading="lazy"
            src="/images/sponsors/logos/12.svg"
            width="100"
          />
        </div>
        <div
          class="flex items-center justify-center hover:scale-110 transition-transform cursor-pointer p-1"
        >
          <img
            alt="Sponsor 13"
            class="object-contain w-full max-h-[70px] md:max-h-[140px] h-auto opacity-100 transition-opacity"
            height="80"
            loading="lazy"
            src="/images/sponsors/logos/13.svg"
            width="100"
          />
        </div>
        <div
          class="flex items-center justify-center hover:scale-110 transition-transform cursor-pointer p-1"
        >
          <img
            alt="Sponsor 14"
            class="object-contain w-full max-h-[70px] md:max-h-[140px] h-auto opacity-100 transition-opacity"
            height="80"
            loading="lazy"
            src="/images/sponsors/logos/14.svg"
            width="100"
          />
        </div>
        <div
          class="flex items-center justify-center hover:scale-110 transition-transform cursor-pointer p-1"
        >
          <img
            alt="Sponsor 15"
            class="object-contain w-full max-h-[70px] md:max-h-[140px] h-auto opacity-100 transition-opacity"
            height="80"
            loading="lazy"
            src="/images/sponsors/logos/15.svg"
            width="100"
          />
        </div>
        <div
          class="flex items-center justify-center hover:scale-110 transition-transform cursor-pointer p-1"
        >
          <img
            alt="Sponsor 16"
            class="object-contain w-full max-h-[70px] md:max-h-[140px] h-auto opacity-100 transition-opacity"
            height="80"
            loading="lazy"
            src="/images/sponsors/logos/16.svg"
            width="100"
          />
        </div>
        <div
          class="flex items-center justify-center hover:scale-110 transition-transform cursor-pointer p-1"
        >
          <img
            alt="Sponsor 17"
            class="object-contain w-full max-h-[70px] md:max-h-[140px] h-auto opacity-100 transition-opacity"
            height="80"
            loading="lazy"
            src="/images/sponsors/logos/17.svg"
            width="100"
          />
        </div>
        <div
          class="flex items-center justify-center hover:scale-110 transition-transform cursor-pointer p-1"
        >
          <img
            alt="Sponsor 18"
            class="object-contain w-full max-h-[70px] md:max-h-[140px] h-auto opacity-100 transition-opacity"
            height="80"
            loading="lazy"
            src="/images/sponsors/logos/18.svg"
            width="100"
          />
        </div>
      </div>
    </div>
  </section>
</div>
`;
