// Jest Snapshot v1, https://jestjs.io/docs/snapshot-testing

exports[`matches snapshot 1`] = `
<div>
  <section
    class="py-6 md:py-10 hero-bg-gold"
  >
    <div
      class="section-container"
    >
      <h2
        class="font-title text-5xl md:text-7xl font-black text-center mb-6 text-brand-header uppercase"
      >
        Sponsors
      </h2>
      <div
        class="flex justify-center mb-8"
      >
        <img
          alt="Advanced Health Solutions — Presenting Sponsor"
          class="max-w-[180px] md:max-w-[220px] h-auto"
          src="/images/Sponsor%20Logos%202026/2.png"
        />
      </div>
      <div
        class="grid grid-cols-3 md:grid-cols-4 lg:grid-cols-6 gap-3 items-center max-w-3xl mx-auto"
      >
        <div
          class="flex items-center justify-center hover:scale-110 transition-transform cursor-pointer p-1"
        >
          <img
            alt="Sponsor 3"
            class="object-contain max-w-[120px] max-h-[100px] h-auto opacity-100 transition-opacity"
            height="80"
            loading="lazy"
            src="/images/Sponsor%20Logos%202026/3.png"
            width="100"
          />
        </div>
        <div
          class="flex items-center justify-center hover:scale-110 transition-transform cursor-pointer p-1"
        >
          <img
            alt="Sponsor 4"
            class="object-contain max-w-[120px] max-h-[100px] h-auto opacity-100 transition-opacity"
            height="80"
            loading="lazy"
            src="/images/Sponsor%20Logos%202026/4.png"
            width="100"
          />
        </div>
        <div
          class="flex items-center justify-center hover:scale-110 transition-transform cursor-pointer p-1"
        >
          <img
            alt="Sponsor 5"
            class="object-contain max-w-[120px] max-h-[100px] h-auto opacity-100 transition-opacity"
            height="80"
            loading="lazy"
            src="/images/Sponsor%20Logos%202026/5.png"
            width="100"
          />
        </div>
        <div
          class="flex items-center justify-center hover:scale-110 transition-transform cursor-pointer p-1"
        >
          <img
            alt="Sponsor 6"
            class="object-contain max-w-[120px] max-h-[100px] h-auto opacity-100 transition-opacity"
            height="80"
            loading="lazy"
            src="/images/Sponsor%20Logos%202026/6.png"
            width="100"
          />
        </div>
        <div
          class="flex items-center justify-center hover:scale-110 transition-transform cursor-pointer p-1"
        >
          <img
            alt="Sponsor 7"
            class="object-contain max-w-[120px] max-h-[100px] h-auto opacity-100 transition-opacity"
            height="80"
            loading="lazy"
            src="/images/Sponsor%20Logos%202026/7.png"
            width="100"
          />
        </div>
        <div
          class="flex items-center justify-center hover:scale-110 transition-transform cursor-pointer p-1"
        >
          <img
            alt="Sponsor 8"
            class="object-contain max-w-[120px] max-h-[100px] h-auto opacity-100 transition-opacity"
            height="80"
            loading="lazy"
            src="/images/Sponsor%20Logos%202026/8.png"
            width="100"
          />
        </div>
        <div
          class="flex items-center justify-center hover:scale-110 transition-transform cursor-pointer p-1"
        >
          <img
            alt="Sponsor 9"
            class="object-contain max-w-[120px] max-h-[100px] h-auto opacity-100 transition-opacity"
            height="80"
            loading="lazy"
            src="/images/Sponsor%20Logos%202026/9.png"
            width="100"
          />
        </div>
        <div
          class="flex items-center justify-center hover:scale-110 transition-transform cursor-pointer p-1"
        >
          <img
            alt="Sponsor 10"
            class="object-contain max-w-[120px] max-h-[100px] h-auto opacity-100 transition-opacity"
            height="80"
            loading="lazy"
            src="/images/Sponsor%20Logos%202026/10.png"
            width="100"
          />
        </div>
        <div
          class="flex items-center justify-center hover:scale-110 transition-transform cursor-pointer p-1"
        >
          <img
            alt="Sponsor 11"
            class="object-contain max-w-[120px] max-h-[100px] h-auto opacity-100 transition-opacity"
            height="80"
            loading="lazy"
            src="/images/Sponsor%20Logos%202026/11.png"
            width="100"
          />
        </div>
        <div
          class="flex items-center justify-center hover:scale-110 transition-transform cursor-pointer p-1"
        >
          <img
            alt="Sponsor 12"
            class="object-contain max-w-[120px] max-h-[100px] h-auto opacity-100 transition-opacity"
            height="80"
            loading="lazy"
            src="/images/Sponsor%20Logos%202026/12.png"
            width="100"
          />
        </div>
        <div
          class="flex items-center justify-center hover:scale-110 transition-transform cursor-pointer p-1"
        >
          <img
            alt="Sponsor 13"
            class="object-contain max-w-[120px] max-h-[100px] h-auto opacity-100 transition-opacity"
            height="80"
            loading="lazy"
            src="/images/Sponsor%20Logos%202026/13.png"
            width="100"
          />
        </div>
        <div
          class="flex items-center justify-center hover:scale-110 transition-transform cursor-pointer p-1"
        >
          <img
            alt="Sponsor 14"
            class="object-contain max-w-[120px] max-h-[100px] h-auto opacity-100 transition-opacity"
            height="80"
            loading="lazy"
            src="/images/Sponsor%20Logos%202026/14.png"
            width="100"
          />
        </div>
        <div
          class="flex items-center justify-center hover:scale-110 transition-transform cursor-pointer p-1"
        >
          <img
            alt="Sponsor 15"
            class="object-contain max-w-[120px] max-h-[100px] h-auto opacity-100 transition-opacity"
            height="80"
            loading="lazy"
            src="/images/Sponsor%20Logos%202026/15.png"
            width="100"
          />
        </div>
      </div>
    </div>
  </section>
</div>
`;
