// Jest Snapshot v1, https://jestjs.io/docs/snapshot-testing

exports[`matches snapshot 1`] = `
<div>
  <div>
    <div
      class="flex flex-wrap justify-center gap-8 max-w-6xl mx-auto mb-12"
    >
      <a
        class="block w-full sm:w-96 bg-brand-bg-cream border-2 border-brand-primary/20 rounded-2xl overflow-hidden shadow-md hover:border-brand-primary hover:shadow-xl transition-all group cursor-pointer"
        href="https://www.bonfire.com/botb-2026-colorblast-tee/"
        rel="noopener noreferrer"
        target="_blank"
      >
        <div
          class="relative aspect-square overflow-hidden"
        >
          <img
            alt="BOTB 2026 Colorblast Tee"
            src="/images/merch/Gray-Shirt.jpeg"
          />
        </div>
        <div
          class="p-6"
        >
          <h3
            class="text-lg font-bold text-brand-header mb-3 leading-tight"
          >
            BOTB 2026 Colorblast Tee
          </h3>
          <p
            class="text-2xl font-bold text-brand-primary"
          >
            $35.00
          </p>
        </div>
      </a>
      <a
        class="block w-full sm:w-96 bg-brand-bg-cream border-2 border-brand-primary/20 rounded-2xl overflow-hidden shadow-md hover:border-brand-primary hover:shadow-xl transition-all group cursor-pointer"
        href="https://www.bonfire.com/botb-2026-green-tee/"
        rel="noopener noreferrer"
        target="_blank"
      >
        <div
          class="relative aspect-square overflow-hidden"
        >
          <img
            alt="BOTB 2026 Green Tee"
            src="/images/merch/Blue-Green-Shirt.jpeg"
          />
        </div>
        <div
          class="p-6"
        >
          <h3
            class="text-lg font-bold text-brand-header mb-3 leading-tight"
          >
            BOTB 2026 Green Tee
          </h3>
          <p
            class="text-2xl font-bold text-brand-primary"
          >
            $35.00
          </p>
        </div>
      </a>
    </div>
    <div
      class="text-center max-w-3xl mx-auto py-8"
    >
      <h2
        class="font-title text-3xl md:text-5xl font-black mb-4 text-brand-header uppercase"
      >
        Get Your Merch
      </h2>
      <p
        class="text-xl text-brand-header/80 mb-6"
      >
        All merchandise is available for purchase at our events and online. Follow us on social media for announcements about upcoming festivals and merch drops!
      </p>
      <a
        class="inline-block bg-brand-primary text-white font-bold py-3 px-8 rounded-full hover:opacity-90 transition-opacity text-lg"
        href="https://www.bonfire.com/store/beats-on-the-block/"
        rel="noopener noreferrer"
        target="_blank"
      >
        Shop All on Bonfire
      </a>
    </div>
  </div>
</div>
`;
